main.c:155:5:max	16	static
main.c:161:5:noiseFilter	16	static
main.c:167:7:returnPosChar	16	static
main.c:176:5:isXPositionOccupied	24	static
main.c:187:5:isXZPositionOccupied	24	static
main.c:198:8:calcDistance	32	static
main.c:202:6:generateTargetPosition	16	static
main.c:243:5:main	24	static
main.c:345:6:SystemClock_Config	232	static
main.c:419:13:MX_I2C1_Init	8	static
main.c:465:13:MX_I2C2_Init	8	static
main.c:511:13:MX_RNG_Init	8	static
main.c:537:13:MX_SPI2_Init	8	static
main.c:577:13:MX_USART2_UART_Init	8	static
main.c:612:13:MX_GPIO_Init	56	static
main.c:823:6:StartDefaultTask	16	static
main.c:861:6:StartTask02	56	static
main.c:947:6:HAL_TIM_PeriodElapsedCallback	16	static
main.c:964:6:Error_Handler	4	static
