main.c:149:5:max	16	static
main.c:155:5:noiseFilter	16	static
main.c:161:7:returnPosChar	16	static
main.c:170:5:isXPositionOccupied	24	static
main.c:181:5:isXZPositionOccupied	24	static
main.c:197:5:main	24	static
main.c:298:6:SystemClock_Config	232	static
main.c:372:13:MX_I2C1_Init	8	static
main.c:418:13:MX_I2C2_Init	8	static
main.c:464:13:MX_RNG_Init	8	static
main.c:490:13:MX_SPI2_Init	8	static
main.c:530:13:MX_USART2_UART_Init	8	static
main.c:565:13:MX_GPIO_Init	56	static
main.c:776:6:StartDefaultTask	16	static
main.c:814:6:StartTask02	56	static
main.c:892:6:HAL_TIM_PeriodElapsedCallback	16	static
main.c:909:6:Error_Handler	4	static
